// Jest Snapshot v1, https://goo.gl/fbAQLP

exports[`Layout should match snapshot 1`] = `<index.tsx />`;
