// Jest Snapshot v1, https://goo.gl/fbAQLP

exports[`SearchFilter should match snapshot 1`] = `ShallowWrapper {}`;

exports[`SearchFilter should match snapshot 2 1`] = `ShallowWrapper {}`;
