// Jest Snapshot v1, https://goo.gl/fbAQLP

exports[`Button should match snapshot 1`] = `
<index.tsx
  onClick={[MockFunction]}
  size="small"
  type="button"
  variant="primary"
>
  Name
</index.tsx>
`;
