// Jest Snapshot v1, https://goo.gl/fbAQLP

exports[`Search Results should match snapshot 1`] = `ShallowWrapper {}`;
