// Jest Snapshot v1, https://goo.gl/fbAQLP

exports[`Button Group should match snapshot 1`] = `
<index.tsx>
  children
</index.tsx>
`;
