// Jest Snapshot v1, https://goo.gl/fbAQLP

exports[`InputField should match snapshot 1`] = `
<input
  className="input-field"
  id="string"
  name="string"
  onChange="func"
  placeholder="string"
  type="string"
  value="string"
/>
`;
