// Jest Snapshot v1, https://goo.gl/fbAQLP

exports[`Sort Results should match snapshot 1`] = `
<index.tsx
  describe="string"
  handleSort={[MockFunction]}
  sortBy="release_date"
/>
`;
