// Jest Snapshot v1, https://goo.gl/fbAQLP

exports[`Rating should match snapshot 1`] = `<index.tsx />`;
