// Jest Snapshot v1, https://goo.gl/fbAQLP

exports[`No Results should match snapshot 1`] = `<index.tsx />`;
