// Jest Snapshot v1, https://goo.gl/fbAQLP

exports[`Footer should match snapshot 1`] = `
<footer
  className="footer"
>
  <div
    className="container"
  >
    <Logo />
  </div>
</footer>
`;
