// Jest Snapshot v1, https://goo.gl/fbAQLP

exports[`MovieDetail should match snapshot 1`] = `ShallowWrapper {}`;
