// Jest Snapshot v1, https://goo.gl/fbAQLP

exports[`Logo should match snapshot 1`] = `
<div
  className="logo"
>
  <span
    className="logo--main"
  >
    netflix
  </span>
  <span>
    roulette
  </span>
</div>
`;
